11:54:25 **** Incremental Build of configuration Debug for project final ****
make pre-build main-build 
a9-linaro-pre-build-step
' '
make: Nothing to be done for `main-build'.
11:54:27 **** Incremental Build of configuration Debug for project final ****
make pre-build main-build 
a9-linaro-pre-build-step
' '
make: Nothing to be done for `main-build'.
11:54:43 **** Incremental Build of configuration Debug for project final ****
make pre-build main-build 
a9-linaro-pre-build-step
' '
make: Nothing to be done for `main-build'.
11:55:01 **** Auto Build of configuration Debug for project final ****
make pre-build main-build 
a9-linaro-pre-build-step
' '
'Building file: ../src/helloworld.c'
'Invoking: ARM v7 gcc compiler'
arm-none-eabi-gcc -Wall -O0 -g3 -c -fmessage-length=0 -MT"src/helloworld.o" -mcpu=cortex-a9 -mfpu=vfpv3 -mfloat-abi=hard -I../../final_bsp/ps7_cortexa9_0/include -MMD -MP -MF"src/helloworld.d" -MT"src/helloworld.o" -o "src/helloworld.o" "../src/helloworld.c"
../src/helloworld.c: In function 'main':
../src/helloworld.c:80:5: warning: implicit declaration of function 'init_platform' [-Wimplicit-function-declaration]
     init_platform();
     ^~~~~~~~~~~~~
../src/helloworld.c:90:5: warning: implicit declaration of function 'Xil_DCacheDisable' [-Wimplicit-function-declaration]
     Xil_DCacheDisable();
     ^~~~~~~~~~~~~~~~~
../src/helloworld.c:95:19: warning: implicit declaration of function 'malloc' [-Wimplicit-function-declaration]
     dst = (int *) malloc( 2 * sizeof(int) );
                   ^~~~~~
../src/helloworld.c:95:19: warning: incompatible implicit declaration of built-in function 'malloc'
../src/helloworld.c:95:19: note: include '<stdlib.h>' or provide a declaration of 'malloc'
../src/helloworld.c:96:15: warning: assignment makes integer from pointer without a cast [-Wint-conversion]
     *dst_addr = dst;
               ^
../src/helloworld.c:125:5: warning: implicit declaration of function 'free' [-Wimplicit-function-declaration]
     free(dst);
     ^~~~
../src/helloworld.c:125:5: warning: incompatible implicit declaration of built-in function 'free'
../src/helloworld.c:125:5: note: include '<stdlib.h>' or provide a declaration of 'free'
../src/helloworld.c:126:5: warning: implicit declaration of function 'cleanup_platform' [-Wimplicit-function-declaration]
     cleanup_platform();
     ^~~~~~~~~~~~~~~~
../src/helloworld.c:82:12: warning: unused variable 'c' [-Wunused-variable]
     int i, c, test = 0;
            ^
'Finished building: ../src/helloworld.c'
' '
'Building target: final.elf'
'Invoking: ARM v7 gcc linker'
arm-none-eabi-gcc -mcpu=cortex-a9 -mfpu=vfpv3 -mfloat-abi=hard -Wl,-build-id=none -specs=Xilinx.spec -Wl,-T -Wl,../src/lscript.ld -L../../final_bsp/ps7_cortexa9_0/lib -o "final.elf"  ./src/helloworld.o ./src/platform.o   -Wl,--start-group,-lxil,-lgcc,-lc,--end-group
'Finished building target: final.elf'
' '
'Invoking: ARM v7 Print Size'
arm-none-eabi-size final.elf  |tee "final.elf.size"
   text	   data	    bss	    dec	    hex	filename
  75056	   2744	  23328	 101128	  18b08	final.elf
'Finished building: final.elf.size'
' '
11:55:04 **** Incremental Build of configuration Debug for project final ****
make pre-build main-build 
a9-linaro-pre-build-step
' '
make: Nothing to be done for `main-build'.
11:55:14 **** Auto Build of configuration Debug for project final ****
make pre-build main-build 
a9-linaro-pre-build-step
' '
'Building file: ../src/helloworld.c'
'Invoking: ARM v7 gcc compiler'
arm-none-eabi-gcc -Wall -O0 -g3 -c -fmessage-length=0 -MT"src/helloworld.o" -mcpu=cortex-a9 -mfpu=vfpv3 -mfloat-abi=hard -I../../final_bsp/ps7_cortexa9_0/include -MMD -MP -MF"src/helloworld.d" -MT"src/helloworld.o" -o "src/helloworld.o" "../src/helloworld.c"
../src/helloworld.c: In function 'main':
../src/helloworld.c:80:5: warning: implicit declaration of function 'init_platform' [-Wimplicit-function-declaration]
     init_platform();
     ^~~~~~~~~~~~~
../src/helloworld.c:86:5: warning: implicit declaration of function 'Xil_DCacheDisable' [-Wimplicit-function-declaration]
     Xil_DCacheDisable();
     ^~~~~~~~~~~~~~~~~
../src/helloworld.c:91:19: warning: implicit declaration of function 'malloc' [-Wimplicit-function-declaration]
     dst = (int *) malloc( 2 * sizeof(int) );
                   ^~~~~~
../src/helloworld.c:91:19: warning: incompatible implicit declaration of built-in function 'malloc'
../src/helloworld.c:91:19: note: include '<stdlib.h>' or provide a declaration of 'malloc'
../src/helloworld.c:92:15: warning: assignment makes integer from pointer without a cast [-Wint-conversion]
     *dst_addr = dst;
               ^
../src/helloworld.c:121:5: warning: implicit declaration of function 'free' [-Wimplicit-function-declaration]
     free(dst);
     ^~~~
../src/helloworld.c:121:5: warning: incompatible implicit declaration of built-in function 'free'
../src/helloworld.c:121:5: note: include '<stdlib.h>' or provide a declaration of 'free'
../src/helloworld.c:122:5: warning: implicit declaration of function 'cleanup_platform' [-Wimplicit-function-declaration]
     cleanup_platform();
     ^~~~~~~~~~~~~~~~
../src/helloworld.c:82:15: warning: unused variable 'test' [-Wunused-variable]
     int i, c, test = 0;
               ^~~~
../src/helloworld.c:82:12: warning: unused variable 'c' [-Wunused-variable]
     int i, c, test = 0;
            ^
'Finished building: ../src/helloworld.c'
' '
'Building target: final.elf'
'Invoking: ARM v7 gcc linker'
arm-none-eabi-gcc -mcpu=cortex-a9 -mfpu=vfpv3 -mfloat-abi=hard -Wl,-build-id=none -specs=Xilinx.spec -Wl,-T -Wl,../src/lscript.ld -L../../final_bsp/ps7_cortexa9_0/lib -o "final.elf"  ./src/helloworld.o ./src/platform.o   -Wl,--start-group,-lxil,-lgcc,-lc,--end-group
'Finished building target: final.elf'
' '
'Invoking: ARM v7 Print Size'
arm-none-eabi-size final.elf  |tee "final.elf.size"
   text	   data	    bss	    dec	    hex	filename
  74928	   2744	  23328	 101000	  18a88	final.elf
'Finished building: final.elf.size'
' '
12:09:54 **** Incremental Build of configuration Debug for project final ****
make pre-build main-build 
a9-linaro-pre-build-step
' '
make: Nothing to be done for `main-build'.
12:10:17 **** Incremental Build of configuration Debug for project final ****
make pre-build main-build 
a9-linaro-pre-build-step
' '
make: Nothing to be done for `main-build'.
12:29:41 **** Incremental Build of configuration Debug for project final ****
make pre-build main-build 
a9-linaro-pre-build-step
' '
make: Nothing to be done for `main-build'.
12:34:17 **** Incremental Build of configuration Debug for project final ****
make pre-build main-build 
a9-linaro-pre-build-step
' '
make: Nothing to be done for `main-build'.
12:44:55 **** Incremental Build of configuration Debug for project final ****
make pre-build main-build 
a9-linaro-pre-build-step
' '
make: Nothing to be done for `main-build'.
12:45:45 **** Auto Build of configuration Debug for project final ****
make pre-build main-build 
a9-linaro-pre-build-step
' '
'Building file: ../src/helloworld.c'
'Invoking: ARM v7 gcc compiler'
arm-none-eabi-gcc -Wall -O0 -g3 -c -fmessage-length=0 -MT"src/helloworld.o" -mcpu=cortex-a9 -mfpu=vfpv3 -mfloat-abi=hard -I../../final_bsp/ps7_cortexa9_0/include -MMD -MP -MF"src/helloworld.d" -MT"src/helloworld.o" -o "src/helloworld.o" "../src/helloworld.c"
../src/helloworld.c: In function 'main':
../src/helloworld.c:80:5: warning: implicit declaration of function 'init_platform' [-Wimplicit-function-declaration]
     init_platform();
     ^~~~~~~~~~~~~
../src/helloworld.c:86:5: warning: implicit declaration of function 'Xil_DCacheDisable' [-Wimplicit-function-declaration]
     Xil_DCacheDisable();
     ^~~~~~~~~~~~~~~~~
../src/helloworld.c:91:19: warning: implicit declaration of function 'malloc' [-Wimplicit-function-declaration]
     dst = (int *) malloc( 2 * sizeof(int) );
                   ^~~~~~
../src/helloworld.c:91:19: warning: incompatible implicit declaration of built-in function 'malloc'
../src/helloworld.c:91:19: note: include '<stdlib.h>' or provide a declaration of 'malloc'
../src/helloworld.c:92:15: warning: assignment makes integer from pointer without a cast [-Wint-conversion]
     *dst_addr = dst;
               ^
../src/helloworld.c:121:5: warning: implicit declaration of function 'free' [-Wimplicit-function-declaration]
     free(dst);
     ^~~~
../src/helloworld.c:121:5: warning: incompatible implicit declaration of built-in function 'free'
../src/helloworld.c:121:5: note: include '<stdlib.h>' or provide a declaration of 'free'
../src/helloworld.c:122:5: warning: implicit declaration of function 'cleanup_platform' [-Wimplicit-function-declaration]
     cleanup_platform();
     ^~~~~~~~~~~~~~~~
../src/helloworld.c:82:15: warning: unused variable 'test' [-Wunused-variable]
     int i, c, test = 0;
               ^~~~
../src/helloworld.c:82:12: warning: unused variable 'c' [-Wunused-variable]
     int i, c, test = 0;
            ^
'Finished building: ../src/helloworld.c'
' '
'Building target: final.elf'
'Invoking: ARM v7 gcc linker'
arm-none-eabi-gcc -mcpu=cortex-a9 -mfpu=vfpv3 -mfloat-abi=hard -Wl,-build-id=none -specs=Xilinx.spec -Wl,-T -Wl,../src/lscript.ld -L../../final_bsp/ps7_cortexa9_0/lib -o "final.elf"  ./src/helloworld.o ./src/platform.o   -Wl,--start-group,-lxil,-lgcc,-lc,--end-group
'Finished building target: final.elf'
' '
'Invoking: ARM v7 Print Size'
arm-none-eabi-size final.elf  |tee "final.elf.size"
   text	   data	    bss	    dec	    hex	filename
  74928	   2744	  23328	 101000	  18a88	final.elf
'Finished building: final.elf.size'
' '
12:45:48 **** Incremental Build of configuration Debug for project final ****
make pre-build main-build 
a9-linaro-pre-build-step
' '
make: Nothing to be done for `main-build'.
12:46:06 **** Incremental Build of configuration Debug for project final ****
make pre-build main-build 
a9-linaro-pre-build-step
' '
make: Nothing to be done for `main-build'.
12:46:19 **** Auto Build of configuration Debug for project final ****
make pre-build main-build 
a9-linaro-pre-build-step
' '
'Building file: ../src/helloworld.c'
'Invoking: ARM v7 gcc compiler'
arm-none-eabi-gcc -Wall -O0 -g3 -c -fmessage-length=0 -MT"src/helloworld.o" -mcpu=cortex-a9 -mfpu=vfpv3 -mfloat-abi=hard -I../../final_bsp/ps7_cortexa9_0/include -MMD -MP -MF"src/helloworld.d" -MT"src/helloworld.o" -o "src/helloworld.o" "../src/helloworld.c"
../src/helloworld.c: In function 'main':
../src/helloworld.c:80:5: warning: implicit declaration of function 'init_platform' [-Wimplicit-function-declaration]
     init_platform();
     ^~~~~~~~~~~~~
../src/helloworld.c:86:5: warning: implicit declaration of function 'Xil_DCacheDisable' [-Wimplicit-function-declaration]
     Xil_DCacheDisable();
     ^~~~~~~~~~~~~~~~~
../src/helloworld.c:91:19: warning: implicit declaration of function 'malloc' [-Wimplicit-function-declaration]
     dst = (int *) malloc( 2 * sizeof(int) );
                   ^~~~~~
../src/helloworld.c:91:19: warning: incompatible implicit declaration of built-in function 'malloc'
../src/helloworld.c:91:19: note: include '<stdlib.h>' or provide a declaration of 'malloc'
../src/helloworld.c:92:15: warning: assignment makes integer from pointer without a cast [-Wint-conversion]
     *dst_addr = dst;
               ^
../src/helloworld.c:121:5: warning: implicit declaration of function 'free' [-Wimplicit-function-declaration]
     free(dst);
     ^~~~
../src/helloworld.c:121:5: warning: incompatible implicit declaration of built-in function 'free'
../src/helloworld.c:121:5: note: include '<stdlib.h>' or provide a declaration of 'free'
../src/helloworld.c:122:5: warning: implicit declaration of function 'cleanup_platform' [-Wimplicit-function-declaration]
     cleanup_platform();
     ^~~~~~~~~~~~~~~~
../src/helloworld.c:82:15: warning: unused variable 'test' [-Wunused-variable]
     int i, c, test = 0;
               ^~~~
../src/helloworld.c:82:12: warning: unused variable 'c' [-Wunused-variable]
     int i, c, test = 0;
            ^
'Finished building: ../src/helloworld.c'
' '
'Building target: final.elf'
'Invoking: ARM v7 gcc linker'
arm-none-eabi-gcc -mcpu=cortex-a9 -mfpu=vfpv3 -mfloat-abi=hard -Wl,-build-id=none -specs=Xilinx.spec -Wl,-T -Wl,../src/lscript.ld -L../../final_bsp/ps7_cortexa9_0/lib -o "final.elf"  ./src/helloworld.o ./src/platform.o   -Wl,--start-group,-lxil,-lgcc,-lc,--end-group
'Finished building target: final.elf'
' '
'Invoking: ARM v7 Print Size'
arm-none-eabi-size final.elf  |tee "final.elf.size"
   text	   data	    bss	    dec	    hex	filename
  74928	   2744	  23328	 101000	  18a88	final.elf
'Finished building: final.elf.size'
' '
12:46:34 **** Incremental Build of configuration Debug for project final ****
make pre-build main-build 
a9-linaro-pre-build-step
' '
make: Nothing to be done for `main-build'.
12:46:50 **** Incremental Build of configuration Debug for project final ****
make pre-build main-build 
a9-linaro-pre-build-step
' '
make: Nothing to be done for `main-build'.
12:47:07 **** Incremental Build of configuration Debug for project final ****
make pre-build main-build 
a9-linaro-pre-build-step
' '
make: Nothing to be done for `main-build'.
12:47:38 **** Incremental Build of configuration Debug for project final ****
make pre-build main-build 
a9-linaro-pre-build-step
' '
make: Nothing to be done for `main-build'.
12:49:24 **** Auto Build of configuration Debug for project final ****
make pre-build main-build 
a9-linaro-pre-build-step
' '
'Building file: ../src/helloworld.c'
'Invoking: ARM v7 gcc compiler'
arm-none-eabi-gcc -Wall -O0 -g3 -c -fmessage-length=0 -MT"src/helloworld.o" -mcpu=cortex-a9 -mfpu=vfpv3 -mfloat-abi=hard -I../../final_bsp/ps7_cortexa9_0/include -MMD -MP -MF"src/helloworld.d" -MT"src/helloworld.o" -o "src/helloworld.o" "../src/helloworld.c"
../src/helloworld.c: In function 'main':
../src/helloworld.c:80:5: warning: implicit declaration of function 'init_platform' [-Wimplicit-function-declaration]
     init_platform();
     ^~~~~~~~~~~~~
../src/helloworld.c:86:5: warning: implicit declaration of function 'Xil_DCacheDisable' [-Wimplicit-function-declaration]
     Xil_DCacheDisable();
     ^~~~~~~~~~~~~~~~~
../src/helloworld.c:91:19: warning: implicit declaration of function 'malloc' [-Wimplicit-function-declaration]
     dst = (int *) malloc( 2 * sizeof(int) );
                   ^~~~~~
../src/helloworld.c:91:19: warning: incompatible implicit declaration of built-in function 'malloc'
../src/helloworld.c:91:19: note: include '<stdlib.h>' or provide a declaration of 'malloc'
../src/helloworld.c:92:15: warning: assignment makes integer from pointer without a cast [-Wint-conversion]
     *dst_addr = dst;
               ^
../src/helloworld.c:121:5: warning: implicit declaration of function 'free' [-Wimplicit-function-declaration]
     free(dst);
     ^~~~
../src/helloworld.c:121:5: warning: incompatible implicit declaration of built-in function 'free'
../src/helloworld.c:121:5: note: include '<stdlib.h>' or provide a declaration of 'free'
../src/helloworld.c:122:5: warning: implicit declaration of function 'cleanup_platform' [-Wimplicit-function-declaration]
     cleanup_platform();
     ^~~~~~~~~~~~~~~~
../src/helloworld.c:82:15: warning: unused variable 'test' [-Wunused-variable]
     int i, c, test = 0;
               ^~~~
../src/helloworld.c:82:12: warning: unused variable 'c' [-Wunused-variable]
     int i, c, test = 0;
            ^
'Finished building: ../src/helloworld.c'
' '
'Building target: final.elf'
'Invoking: ARM v7 gcc linker'
arm-none-eabi-gcc -mcpu=cortex-a9 -mfpu=vfpv3 -mfloat-abi=hard -Wl,-build-id=none -specs=Xilinx.spec -Wl,-T -Wl,../src/lscript.ld -L../../final_bsp/ps7_cortexa9_0/lib -o "final.elf"  ./src/helloworld.o ./src/platform.o   -Wl,--start-group,-lxil,-lgcc,-lc,--end-group
'Finished building target: final.elf'
' '
'Invoking: ARM v7 Print Size'
arm-none-eabi-size final.elf  |tee "final.elf.size"
   text	   data	    bss	    dec	    hex	filename
  74928	   2744	  23328	 101000	  18a88	final.elf
'Finished building: final.elf.size'
' '
12:49:27 **** Incremental Build of configuration Debug for project final ****
make pre-build main-build 
a9-linaro-pre-build-step
' '
make: Nothing to be done for `main-build'.
12:49:45 **** Auto Build of configuration Debug for project final ****
make pre-build main-build 
a9-linaro-pre-build-step
' '
'Building file: ../src/helloworld.c'
'Invoking: ARM v7 gcc compiler'
arm-none-eabi-gcc -Wall -O0 -g3 -c -fmessage-length=0 -MT"src/helloworld.o" -mcpu=cortex-a9 -mfpu=vfpv3 -mfloat-abi=hard -I../../final_bsp/ps7_cortexa9_0/include -MMD -MP -MF"src/helloworld.d" -MT"src/helloworld.o" -o "src/helloworld.o" "../src/helloworld.c"
../src/helloworld.c: In function 'main':
../src/helloworld.c:80:5: warning: implicit declaration of function 'init_platform' [-Wimplicit-function-declaration]
     init_platform();
     ^~~~~~~~~~~~~
../src/helloworld.c:86:5: warning: implicit declaration of function 'Xil_DCacheDisable' [-Wimplicit-function-declaration]
     Xil_DCacheDisable();
     ^~~~~~~~~~~~~~~~~
../src/helloworld.c:91:19: warning: implicit declaration of function 'malloc' [-Wimplicit-function-declaration]
     dst = (int *) malloc( 2 * sizeof(int) );
                   ^~~~~~
../src/helloworld.c:91:19: warning: incompatible implicit declaration of built-in function 'malloc'
../src/helloworld.c:91:19: note: include '<stdlib.h>' or provide a declaration of 'malloc'
../src/helloworld.c:92:15: warning: assignment makes integer from pointer without a cast [-Wint-conversion]
     *dst_addr = dst;
               ^
../src/helloworld.c:121:5: warning: implicit declaration of function 'free' [-Wimplicit-function-declaration]
     free(dst);
     ^~~~
../src/helloworld.c:121:5: warning: incompatible implicit declaration of built-in function 'free'
../src/helloworld.c:121:5: note: include '<stdlib.h>' or provide a declaration of 'free'
../src/helloworld.c:122:5: warning: implicit declaration of function 'cleanup_platform' [-Wimplicit-function-declaration]
     cleanup_platform();
     ^~~~~~~~~~~~~~~~
../src/helloworld.c:82:15: warning: unused variable 'test' [-Wunused-variable]
     int i, c, test = 0;
               ^~~~
../src/helloworld.c:82:12: warning: unused variable 'c' [-Wunused-variable]
     int i, c, test = 0;
            ^
'Finished building: ../src/helloworld.c'
' '
'Building target: final.elf'
'Invoking: ARM v7 gcc linker'
arm-none-eabi-gcc -mcpu=cortex-a9 -mfpu=vfpv3 -mfloat-abi=hard -Wl,-build-id=none -specs=Xilinx.spec -Wl,-T -Wl,../src/lscript.ld -L../../final_bsp/ps7_cortexa9_0/lib -o "final.elf"  ./src/helloworld.o ./src/platform.o   -Wl,--start-group,-lxil,-lgcc,-lc,--end-group
'Finished building target: final.elf'
' '
'Invoking: ARM v7 Print Size'
arm-none-eabi-size final.elf  |tee "final.elf.size"
   text	   data	    bss	    dec	    hex	filename
  74928	   2744	  23328	 101000	  18a88	final.elf
'Finished building: final.elf.size'
' '
12:49:54 **** Incremental Build of configuration Debug for project final ****
make pre-build main-build 
a9-linaro-pre-build-step
' '
make: Nothing to be done for `main-build'.
12:50:19 **** Auto Build of configuration Debug for project final ****
make pre-build main-build 
a9-linaro-pre-build-step
' '
'Building file: ../src/helloworld.c'
'Invoking: ARM v7 gcc compiler'
arm-none-eabi-gcc -Wall -O0 -g3 -c -fmessage-length=0 -MT"src/helloworld.o" -mcpu=cortex-a9 -mfpu=vfpv3 -mfloat-abi=hard -I../../final_bsp/ps7_cortexa9_0/include -MMD -MP -MF"src/helloworld.d" -MT"src/helloworld.o" -o "src/helloworld.o" "../src/helloworld.c"
../src/helloworld.c: In function 'main':
../src/helloworld.c:80:5: warning: implicit declaration of function 'init_platform' [-Wimplicit-function-declaration]
     init_platform();
     ^~~~~~~~~~~~~
../src/helloworld.c:86:5: warning: implicit declaration of function 'Xil_DCacheDisable' [-Wimplicit-function-declaration]
     Xil_DCacheDisable();
     ^~~~~~~~~~~~~~~~~
../src/helloworld.c:91:19: warning: implicit declaration of function 'malloc' [-Wimplicit-function-declaration]
     dst = (int *) malloc( 2 * sizeof(int) );
                   ^~~~~~
../src/helloworld.c:91:19: warning: incompatible implicit declaration of built-in function 'malloc'
../src/helloworld.c:91:19: note: include '<stdlib.h>' or provide a declaration of 'malloc'
../src/helloworld.c:92:15: warning: assignment makes integer from pointer without a cast [-Wint-conversion]
     *dst_addr = dst;
               ^
../src/helloworld.c:121:5: warning: implicit declaration of function 'free' [-Wimplicit-function-declaration]
     free(dst);
     ^~~~
../src/helloworld.c:121:5: warning: incompatible implicit declaration of built-in function 'free'
../src/helloworld.c:121:5: note: include '<stdlib.h>' or provide a declaration of 'free'
../src/helloworld.c:122:5: warning: implicit declaration of function 'cleanup_platform' [-Wimplicit-function-declaration]
     cleanup_platform();
     ^~~~~~~~~~~~~~~~
../src/helloworld.c:82:15: warning: unused variable 'test' [-Wunused-variable]
     int i, c, test = 0;
               ^~~~
../src/helloworld.c:82:12: warning: unused variable 'c' [-Wunused-variable]
     int i, c, test = 0;
            ^
'Finished building: ../src/helloworld.c'
' '
'Building target: final.elf'
'Invoking: ARM v7 gcc linker'
arm-none-eabi-gcc -mcpu=cortex-a9 -mfpu=vfpv3 -mfloat-abi=hard -Wl,-build-id=none -specs=Xilinx.spec -Wl,-T -Wl,../src/lscript.ld -L../../final_bsp/ps7_cortexa9_0/lib -o "final.elf"  ./src/helloworld.o ./src/platform.o   -Wl,--start-group,-lxil,-lgcc,-lc,--end-group
'Finished building target: final.elf'
' '
'Invoking: ARM v7 Print Size'
arm-none-eabi-size final.elf  |tee "final.elf.size"
   text	   data	    bss	    dec	    hex	filename
  74928	   2744	  23328	 101000	  18a88	final.elf
'Finished building: final.elf.size'
' '
12:50:28 **** Incremental Build of configuration Debug for project final ****
make pre-build main-build 
a9-linaro-pre-build-step
' '
make: Nothing to be done for `main-build'.
12:50:54 **** Auto Build of configuration Debug for project final ****
make pre-build main-build 
a9-linaro-pre-build-step
' '
'Building file: ../src/helloworld.c'
'Invoking: ARM v7 gcc compiler'
arm-none-eabi-gcc -Wall -O0 -g3 -c -fmessage-length=0 -MT"src/helloworld.o" -mcpu=cortex-a9 -mfpu=vfpv3 -mfloat-abi=hard -I../../final_bsp/ps7_cortexa9_0/include -MMD -MP -MF"src/helloworld.d" -MT"src/helloworld.o" -o "src/helloworld.o" "../src/helloworld.c"
../src/helloworld.c: In function 'main':
../src/helloworld.c:80:5: warning: implicit declaration of function 'init_platform' [-Wimplicit-function-declaration]
     init_platform();
     ^~~~~~~~~~~~~
../src/helloworld.c:86:5: warning: implicit declaration of function 'Xil_DCacheDisable' [-Wimplicit-function-declaration]
     Xil_DCacheDisable();
     ^~~~~~~~~~~~~~~~~
../src/helloworld.c:91:19: warning: implicit declaration of function 'malloc' [-Wimplicit-function-declaration]
     dst = (int *) malloc( 2 * sizeof(int) );
                   ^~~~~~
../src/helloworld.c:91:19: warning: incompatible implicit declaration of built-in function 'malloc'
../src/helloworld.c:91:19: note: include '<stdlib.h>' or provide a declaration of 'malloc'
../src/helloworld.c:92:15: warning: assignment makes integer from pointer without a cast [-Wint-conversion]
     *dst_addr = dst;
               ^
../src/helloworld.c:121:5: warning: implicit declaration of function 'free' [-Wimplicit-function-declaration]
     free(dst);
     ^~~~
../src/helloworld.c:121:5: warning: incompatible implicit declaration of built-in function 'free'
../src/helloworld.c:121:5: note: include '<stdlib.h>' or provide a declaration of 'free'
../src/helloworld.c:122:5: warning: implicit declaration of function 'cleanup_platform' [-Wimplicit-function-declaration]
     cleanup_platform();
     ^~~~~~~~~~~~~~~~
../src/helloworld.c:82:15: warning: unused variable 'test' [-Wunused-variable]
     int i, c, test = 0;
               ^~~~
../src/helloworld.c:82:12: warning: unused variable 'c' [-Wunused-variable]
     int i, c, test = 0;
            ^
'Finished building: ../src/helloworld.c'
' '
'Building target: final.elf'
'Invoking: ARM v7 gcc linker'
arm-none-eabi-gcc -mcpu=cortex-a9 -mfpu=vfpv3 -mfloat-abi=hard -Wl,-build-id=none -specs=Xilinx.spec -Wl,-T -Wl,../src/lscript.ld -L../../final_bsp/ps7_cortexa9_0/lib -o "final.elf"  ./src/helloworld.o ./src/platform.o   -Wl,--start-group,-lxil,-lgcc,-lc,--end-group
'Finished building target: final.elf'
' '
'Invoking: ARM v7 Print Size'
arm-none-eabi-size final.elf  |tee "final.elf.size"
   text	   data	    bss	    dec	    hex	filename
  74928	   2744	  23328	 101000	  18a88	final.elf
'Finished building: final.elf.size'
' '
12:51:16 **** Incremental Build of configuration Debug for project final ****
make pre-build main-build 
a9-linaro-pre-build-step
' '
make: Nothing to be done for `main-build'.
13:04:43 **** Incremental Build of configuration Debug for project final ****
make pre-build main-build 
a9-linaro-pre-build-step
' '
make: Nothing to be done for `main-build'.
13:05:13 **** Auto Build of configuration Debug for project final ****
make pre-build main-build 
a9-linaro-pre-build-step
' '
'Building file: ../src/helloworld.c'
'Invoking: ARM v7 gcc compiler'
arm-none-eabi-gcc -Wall -O0 -g3 -c -fmessage-length=0 -MT"src/helloworld.o" -mcpu=cortex-a9 -mfpu=vfpv3 -mfloat-abi=hard -I../../final_bsp/ps7_cortexa9_0/include -MMD -MP -MF"src/helloworld.d" -MT"src/helloworld.o" -o "src/helloworld.o" "../src/helloworld.c"
../src/helloworld.c: In function 'main':
../src/helloworld.c:80:5: warning: implicit declaration of function 'init_platform' [-Wimplicit-function-declaration]
     init_platform();
     ^~~~~~~~~~~~~
../src/helloworld.c:86:5: warning: implicit declaration of function 'Xil_DCacheDisable' [-Wimplicit-function-declaration]
     Xil_DCacheDisable();
     ^~~~~~~~~~~~~~~~~
../src/helloworld.c:91:19: warning: implicit declaration of function 'malloc' [-Wimplicit-function-declaration]
     dst = (int *) malloc( 2 * sizeof(int) );
                   ^~~~~~
../src/helloworld.c:91:19: warning: incompatible implicit declaration of built-in function 'malloc'
../src/helloworld.c:91:19: note: include '<stdlib.h>' or provide a declaration of 'malloc'
../src/helloworld.c:92:15: warning: assignment makes integer from pointer without a cast [-Wint-conversion]
     *dst_addr = dst;
               ^
../src/helloworld.c:121:5: warning: implicit declaration of function 'free' [-Wimplicit-function-declaration]
     free(dst);
     ^~~~
../src/helloworld.c:121:5: warning: incompatible implicit declaration of built-in function 'free'
../src/helloworld.c:121:5: note: include '<stdlib.h>' or provide a declaration of 'free'
../src/helloworld.c:122:5: warning: implicit declaration of function 'cleanup_platform' [-Wimplicit-function-declaration]
     cleanup_platform();
     ^~~~~~~~~~~~~~~~
../src/helloworld.c:82:15: warning: unused variable 'test' [-Wunused-variable]
     int i, c, test = 0;
               ^~~~
../src/helloworld.c:82:12: warning: unused variable 'c' [-Wunused-variable]
     int i, c, test = 0;
            ^
'Finished building: ../src/helloworld.c'
' '
'Building target: final.elf'
'Invoking: ARM v7 gcc linker'
arm-none-eabi-gcc -mcpu=cortex-a9 -mfpu=vfpv3 -mfloat-abi=hard -Wl,-build-id=none -specs=Xilinx.spec -Wl,-T -Wl,../src/lscript.ld -L../../final_bsp/ps7_cortexa9_0/lib -o "final.elf"  ./src/helloworld.o ./src/platform.o   -Wl,--start-group,-lxil,-lgcc,-lc,--end-group
'Finished building target: final.elf'
' '
'Invoking: ARM v7 Print Size'
arm-none-eabi-size final.elf  |tee "final.elf.size"
   text	   data	    bss	    dec	    hex	filename
  74928	   2744	  23328	 101000	  18a88	final.elf
'Finished building: final.elf.size'
' '
13:05:42 **** Incremental Build of configuration Debug for project final ****
make pre-build main-build 
a9-linaro-pre-build-step
' '
make: Nothing to be done for `main-build'.
13:14:21 **** Auto Build of configuration Debug for project final ****
make pre-build main-build 
a9-linaro-pre-build-step
' '
'Building file: ../src/helloworld.c'
'Invoking: ARM v7 gcc compiler'
arm-none-eabi-gcc -Wall -O0 -g3 -c -fmessage-length=0 -MT"src/helloworld.o" -mcpu=cortex-a9 -mfpu=vfpv3 -mfloat-abi=hard -I../../final_bsp/ps7_cortexa9_0/include -MMD -MP -MF"src/helloworld.d" -MT"src/helloworld.o" -o "src/helloworld.o" "../src/helloworld.c"
../src/helloworld.c: In function 'main':
../src/helloworld.c:80:5: warning: implicit declaration of function 'init_platform' [-Wimplicit-function-declaration]
     init_platform();
     ^~~~~~~~~~~~~
../src/helloworld.c:86:5: warning: implicit declaration of function 'Xil_DCacheDisable' [-Wimplicit-function-declaration]
     Xil_DCacheDisable();
     ^~~~~~~~~~~~~~~~~
../src/helloworld.c:91:19: warning: implicit declaration of function 'malloc' [-Wimplicit-function-declaration]
     dst = (int *) malloc( 2 * sizeof(int) );
                   ^~~~~~
../src/helloworld.c:91:19: warning: incompatible implicit declaration of built-in function 'malloc'
../src/helloworld.c:91:19: note: include '<stdlib.h>' or provide a declaration of 'malloc'
../src/helloworld.c:92:15: warning: assignment makes integer from pointer without a cast [-Wint-conversion]
     *dst_addr = dst;
               ^
../src/helloworld.c:121:5: warning: implicit declaration of function 'free' [-Wimplicit-function-declaration]
     free(dst);
     ^~~~
../src/helloworld.c:121:5: warning: incompatible implicit declaration of built-in function 'free'
../src/helloworld.c:121:5: note: include '<stdlib.h>' or provide a declaration of 'free'
../src/helloworld.c:122:5: warning: implicit declaration of function 'cleanup_platform' [-Wimplicit-function-declaration]
     cleanup_platform();
     ^~~~~~~~~~~~~~~~
../src/helloworld.c:82:15: warning: unused variable 'test' [-Wunused-variable]
     int i, c, test = 0;
               ^~~~
../src/helloworld.c:82:12: warning: unused variable 'c' [-Wunused-variable]
     int i, c, test = 0;
            ^
'Finished building: ../src/helloworld.c'
' '
'Building target: final.elf'
'Invoking: ARM v7 gcc linker'
arm-none-eabi-gcc -mcpu=cortex-a9 -mfpu=vfpv3 -mfloat-abi=hard -Wl,-build-id=none -specs=Xilinx.spec -Wl,-T -Wl,../src/lscript.ld -L../../final_bsp/ps7_cortexa9_0/lib -o "final.elf"  ./src/helloworld.o ./src/platform.o   -Wl,--start-group,-lxil,-lgcc,-lc,--end-group
'Finished building target: final.elf'
' '
'Invoking: ARM v7 Print Size'
arm-none-eabi-size final.elf  |tee "final.elf.size"
   text	   data	    bss	    dec	    hex	filename
  74928	   2744	  23328	 101000	  18a88	final.elf
'Finished building: final.elf.size'
' '
13:15:56 **** Incremental Build of configuration Debug for project final ****
make pre-build main-build 
a9-linaro-pre-build-step
' '
make: Nothing to be done for `main-build'.
13:16:06 **** Auto Build of configuration Debug for project final ****
make pre-build main-build 
a9-linaro-pre-build-step
' '
'Building file: ../src/helloworld.c'
'Invoking: ARM v7 gcc compiler'
arm-none-eabi-gcc -Wall -O0 -g3 -c -fmessage-length=0 -MT"src/helloworld.o" -mcpu=cortex-a9 -mfpu=vfpv3 -mfloat-abi=hard -I../../final_bsp/ps7_cortexa9_0/include -MMD -MP -MF"src/helloworld.d" -MT"src/helloworld.o" -o "src/helloworld.o" "../src/helloworld.c"
../src/helloworld.c: In function 'main':
../src/helloworld.c:80:5: warning: implicit declaration of function 'init_platform' [-Wimplicit-function-declaration]
     init_platform();
     ^~~~~~~~~~~~~
../src/helloworld.c:86:5: warning: implicit declaration of function 'Xil_DCacheDisable' [-Wimplicit-function-declaration]
     Xil_DCacheDisable();
     ^~~~~~~~~~~~~~~~~
../src/helloworld.c:91:19: warning: implicit declaration of function 'malloc' [-Wimplicit-function-declaration]
     dst = (int *) malloc( 2 * sizeof(int) );
                   ^~~~~~
../src/helloworld.c:91:19: warning: incompatible implicit declaration of built-in function 'malloc'
../src/helloworld.c:91:19: note: include '<stdlib.h>' or provide a declaration of 'malloc'
../src/helloworld.c:92:15: warning: assignment makes integer from pointer without a cast [-Wint-conversion]
     *dst_addr = dst;
               ^
../src/helloworld.c:121:5: warning: implicit declaration of function 'free' [-Wimplicit-function-declaration]
     free(dst);
     ^~~~
../src/helloworld.c:121:5: warning: incompatible implicit declaration of built-in function 'free'
../src/helloworld.c:121:5: note: include '<stdlib.h>' or provide a declaration of 'free'
../src/helloworld.c:122:5: warning: implicit declaration of function 'cleanup_platform' [-Wimplicit-function-declaration]
     cleanup_platform();
     ^~~~~~~~~~~~~~~~
../src/helloworld.c:82:15: warning: unused variable 'test' [-Wunused-variable]
     int i, c, test = 0;
               ^~~~
../src/helloworld.c:82:12: warning: unused variable 'c' [-Wunused-variable]
     int i, c, test = 0;
            ^
'Finished building: ../src/helloworld.c'
' '
'Building target: final.elf'
'Invoking: ARM v7 gcc linker'
arm-none-eabi-gcc -mcpu=cortex-a9 -mfpu=vfpv3 -mfloat-abi=hard -Wl,-build-id=none -specs=Xilinx.spec -Wl,-T -Wl,../src/lscript.ld -L../../final_bsp/ps7_cortexa9_0/lib -o "final.elf"  ./src/helloworld.o ./src/platform.o   -Wl,--start-group,-lxil,-lgcc,-lc,--end-group
'Finished building target: final.elf'
' '
'Invoking: ARM v7 Print Size'
arm-none-eabi-size final.elf  |tee "final.elf.size"
   text	   data	    bss	    dec	    hex	filename
  74928	   2744	  23328	 101000	  18a88	final.elf
'Finished building: final.elf.size'
' '
13:16:09 **** Incremental Build of configuration Debug for project final ****
make pre-build main-build 
a9-linaro-pre-build-step
' '
make: Nothing to be done for `main-build'.
13:16:26 **** Incremental Build of configuration Debug for project final ****
make pre-build main-build 
a9-linaro-pre-build-step
' '
make: Nothing to be done for `main-build'.
